// Jest Snapshot v1, https://goo.gl/fbAQLP

exports[`block.diagram simple 1`] = `
Array [
  Object {
    "class": "Block.Diagram",
    "content": Array [
      Object {
        "class": "Inline.Text",
        "value": "Figure Caption.",
      },
    ],
    "value": "<svg></svg>",
  },
]
`;
